// Jest Snapshot v1, https://goo.gl/fbAQLP

exports[`instruments: sum function should return right result 1`] = `5`;
